------------------------------------------------------------
TimeQuest Timing Analyzer Summary
------------------------------------------------------------

Type  : Slow 1200mV 85C Model Setup 'GClock'
Slack : -7.382
TNS   : -600.131

Type  : Slow 1200mV 85C Model Setup 'RAM_Clock'
Slack : -2.204
TNS   : -17.756

Type  : Slow 1200mV 85C Model Setup 'MEMWB:inst32|o_RegWrite'
Slack : -1.353
TNS   : -26.951

Type  : Slow 1200mV 85C Model Hold 'MEMWB:inst32|o_RegWrite'
Slack : -1.151
TNS   : -27.876

Type  : Slow 1200mV 85C Model Hold 'GClock'
Slack : 0.111
TNS   : 0.000

Type  : Slow 1200mV 85C Model Hold 'RAM_Clock'
Slack : 0.265
TNS   : 0.000

Type  : Slow 1200mV 85C Model Minimum Pulse Width 'GClock'
Slack : -3.000
TNS   : -274.135

Type  : Slow 1200mV 85C Model Minimum Pulse Width 'RAM_Clock'
Slack : -3.000
TNS   : -35.316

Type  : Slow 1200mV 85C Model Minimum Pulse Width 'MEMWB:inst32|o_RegWrite'
Slack : 0.360
TNS   : 0.000

Type  : Slow 1200mV 0C Model Setup 'GClock'
Slack : -6.624
TNS   : -527.462

Type  : Slow 1200mV 0C Model Setup 'RAM_Clock'
Slack : -1.907
TNS   : -15.284

Type  : Slow 1200mV 0C Model Setup 'MEMWB:inst32|o_RegWrite'
Slack : -1.345
TNS   : -28.729

Type  : Slow 1200mV 0C Model Hold 'MEMWB:inst32|o_RegWrite'
Slack : -0.896
TNS   : -17.370

Type  : Slow 1200mV 0C Model Hold 'GClock'
Slack : 0.112
TNS   : 0.000

Type  : Slow 1200mV 0C Model Hold 'RAM_Clock'
Slack : 0.279
TNS   : 0.000

Type  : Slow 1200mV 0C Model Minimum Pulse Width 'GClock'
Slack : -3.000
TNS   : -274.135

Type  : Slow 1200mV 0C Model Minimum Pulse Width 'RAM_Clock'
Slack : -3.000
TNS   : -34.788

Type  : Slow 1200mV 0C Model Minimum Pulse Width 'MEMWB:inst32|o_RegWrite'
Slack : 0.383
TNS   : 0.000

Type  : Fast 1200mV 0C Model Setup 'GClock'
Slack : -3.557
TNS   : -245.379

Type  : Fast 1200mV 0C Model Setup 'RAM_Clock'
Slack : -0.324
TNS   : -2.592

Type  : Fast 1200mV 0C Model Setup 'MEMWB:inst32|o_RegWrite'
Slack : -0.304
TNS   : -0.431

Type  : Fast 1200mV 0C Model Hold 'MEMWB:inst32|o_RegWrite'
Slack : -0.529
TNS   : -10.714

Type  : Fast 1200mV 0C Model Hold 'GClock'
Slack : -0.054
TNS   : -0.104

Type  : Fast 1200mV 0C Model Hold 'RAM_Clock'
Slack : 0.077
TNS   : 0.000

Type  : Fast 1200mV 0C Model Minimum Pulse Width 'GClock'
Slack : -3.000
TNS   : -227.801

Type  : Fast 1200mV 0C Model Minimum Pulse Width 'RAM_Clock'
Slack : -3.000
TNS   : -16.504

Type  : Fast 1200mV 0C Model Minimum Pulse Width 'MEMWB:inst32|o_RegWrite'
Slack : 0.211
TNS   : 0.000

------------------------------------------------------------
